[ubuntu]
project_outputs_from_cachix:
2026-09-25T18:01:09.8201441Z copying path '/nix/store/irmp8px32gqp372n0i6z10p590dczgy0-nhcore-lib-nhcore-0.10.1-data' from 'https://neohaskell.cachix.org'...
2026-09-25T18:01:09.8203473Z copying path '/nix/store/vm4859a2swi1krml3r4ik1vc7dz2x6mv-nhintegrations-lib-nhintegrations-0.10.1-data' from 'https://neohaskell.cachix.org'...
2026-09-25T18:01:13.4597350Z copying path '/nix/store/8rq72r3wvcn6j9bnyqm61j0ixwdxw1ba-nhcore-test-nhcore-test-service-0.10.1' from 'https://neohaskell.cachix.org'...
2026-09-25T18:01:13.5085249Z copying path '/nix/store/7r8hj1j0h4j2rpdnd8nadgza41njp3d9-nhcore-test-nhcore-test-core-0.10.1' from 'https://neohaskell.cachix.org'...
2026-09-25T18:01:13.5091994Z copying path '/nix/store/9dp1jpd0hgwrqc8xsjg3ybw8zf2w2pzm-nhtestbed-exe-nhtestbed-0.10.1' from 'https://neohaskell.cachix.org'...
2026-09-25T18:01:34.7233304Z copying path '/nix/store/dmpmj6qq3gxh1iz5d6nzc0314lhjxjdr-nhcore-lib-nhcore-0.10.1' from 'https://neohaskell.cachix.org'...
2026-09-25T18:01:35.2673160Z copying path '/nix/store/cvzp34yvm29vz0b38z1z6b3js4l2lnmj-nhintegrations-lib-nhintegrations-0.10.1' from 'https://neohaskell.cachix.org'...
2026-09-25T18:01:36.0857866Z copying path '/nix/store/nyg979pvsnf7wl2mspm5224jhxvv7r8a-neohaskell-components.json' from 'https://neohaskell.cachix.org'...
2026-09-25T18:01:36.3961976Z copying path '/nix/store/k9haj4aw65cv5h3r9phrh9dn8l30ymn4-neohaskell-ci-components' from 'https://neohaskell.cachix.org'...
pg_config_from_cache_nixos:
2026-09-25T18:01:34.3292646Z copying path '/nix/store/831a0nbgsrhm8dlvx1rkkn1l66mv6fmr-pg_config.env' from 'https://cache.nixos.org'...
2026-09-25T18:01:34.3361224Z copying path '/nix/store/4043yq19p13aabhi8a370cdrh44r2mf9-pg_config' from 'https://cache.nixos.org'...
workflow commands:

[macos]
project_outputs_from_cachix:
2026-09-25T18:02:23.7267010Z copying path '/nix/store/q8qy5wg963qlrpa7kg5dngbjm3qwbvd3-nhcore-lib-nhcore-0.10.1-data' from 'https://neohaskell.cachix.org'...
2026-09-25T18:02:23.7270370Z copying path '/nix/store/y9h99x7n4k9qd81a3m2j1xszdk91ckcs-nhintegrations-lib-nhintegrations-0.10.1-data' from 'https://neohaskell.cachix.org'...
2026-09-25T18:03:05.3739960Z copying path '/nix/store/sr858h6xn7h8zxj337v8506pbjhzdk5s-nhcore-test-nhcore-test-core-0.10.1' from 'https://neohaskell.cachix.org'...
2026-09-25T18:03:05.3745830Z copying path '/nix/store/dk3nq0bnqj09aqj9ipdfw0dli4cn60cz-nhcore-test-nhcore-test-service-0.10.1' from 'https://neohaskell.cachix.org'...
2026-09-25T18:03:05.3747040Z copying path '/nix/store/c1kiglfvbz3xyyl1q8v6maixy9zsipil-nhtestbed-exe-nhtestbed-0.10.1' from 'https://neohaskell.cachix.org'...
2026-09-25T18:03:06.8939250Z copying path '/nix/store/ja0ifq35aij4qlar85ywmggn95cqmjcd-nhcore-lib-nhcore-0.10.1' from 'https://neohaskell.cachix.org'...
2026-09-25T18:03:08.3986250Z copying path '/nix/store/k5x4srk1aiqi5z607vhl3nw97f1qz8wp-nhintegrations-lib-nhintegrations-0.10.1' from 'https://neohaskell.cachix.org'...
2026-09-25T18:03:08.8363340Z copying path '/nix/store/vj408694m3k1fdlp3as2vjc2jzjkndnw-neohaskell-components.json' from 'https://neohaskell.cachix.org'...
2026-09-25T18:03:08.8707110Z copying path '/nix/store/866avk4nzlyb99vzzavbh36lmgqx1x0z-neohaskell-ci-components' from 'https://neohaskell.cachix.org'...
pg_config_from_cache_nixos:
2026-09-25T18:02:52.1669810Z copying path '/nix/store/99pd7lyx3mwa414vnlf0rzppqzpazjjm-pg_config.env' from 'https://cache.nixos.org'...
2026-09-25T18:02:52.1722140Z copying path '/nix/store/ha0192b1ax8llz1am0idbda8q3j9fr5q-pg_config' from 'https://cache.nixos.org'...
workflow commands:

