3994:verify-published (macos-latest)	Fetch signed closure from Cachix and upstream caches with all builders disabled	2026-09-25T18:02:23.6995120Z   /nix/store/866avk4nzlyb99vzzavbh36lmgqx1x0z-neohaskell-ci-components
3996:verify-published (macos-latest)	Fetch signed closure from Cachix and upstream caches with all builders disabled	2026-09-25T18:02:23.6995910Z   /nix/store/vj408694m3k1fdlp3as2vjc2jzjkndnw-neohaskell-components.json
4008:verify-published (macos-latest)	Fetch signed closure from Cachix and upstream caches with all builders disabled	2026-09-25T18:02:23.7003430Z   /nix/store/ja0ifq35aij4qlar85ywmggn95cqmjcd-nhcore-lib-nhcore-0.10.1
4009:verify-published (macos-latest)	Fetch signed closure from Cachix and upstream caches with all builders disabled	2026-09-25T18:02:23.7003960Z   /nix/store/q8qy5wg963qlrpa7kg5dngbjm3qwbvd3-nhcore-lib-nhcore-0.10.1-data
4011:verify-published (macos-latest)	Fetch signed closure from Cachix and upstream caches with all builders disabled	2026-09-25T18:02:23.7005150Z   /nix/store/sr858h6xn7h8zxj337v8506pbjhzdk5s-nhcore-test-nhcore-test-core-0.10.1
4013:verify-published (macos-latest)	Fetch signed closure from Cachix and upstream caches with all builders disabled	2026-09-25T18:02:23.7008690Z   /nix/store/dk3nq0bnqj09aqj9ipdfw0dli4cn60cz-nhcore-test-nhcore-test-service-0.10.1
4014:verify-published (macos-latest)	Fetch signed closure from Cachix and upstream caches with all builders disabled	2026-09-25T18:02:23.7009740Z   /nix/store/k5x4srk1aiqi5z607vhl3nw97f1qz8wp-nhintegrations-lib-nhintegrations-0.10.1
4015:verify-published (macos-latest)	Fetch signed closure from Cachix and upstream caches with all builders disabled	2026-09-25T18:02:23.7010420Z   /nix/store/y9h99x7n4k9qd81a3m2j1xszdk91ckcs-nhintegrations-lib-nhintegrations-0.10.1-data
4017:verify-published (macos-latest)	Fetch signed closure from Cachix and upstream caches with all builders disabled	2026-09-25T18:02:23.7011870Z   /nix/store/c1kiglfvbz3xyyl1q8v6maixy9zsipil-nhtestbed-exe-nhtestbed-0.10.1
4059:verify-published (macos-latest)	Fetch signed closure from Cachix and upstream caches with all builders disabled	2026-09-25T18:02:23.7038980Z   /nix/store/ha0192b1ax8llz1am0idbda8q3j9fr5q-pg_config
4060:verify-published (macos-latest)	Fetch signed closure from Cachix and upstream caches with all builders disabled	2026-09-25T18:02:23.7039320Z   /nix/store/99pd7lyx3mwa414vnlf0rzppqzpazjjm-pg_config.env
4064:verify-published (macos-latest)	Fetch signed closure from Cachix and upstream caches with all builders disabled	2026-09-25T18:02:23.7041390Z   /nix/store/wcszfvcb11x8f7z4d3zsnb3zbwxjx2lp-postgresql-16.10
4065:verify-published (macos-latest)	Fetch signed closure from Cachix and upstream caches with all builders disabled	2026-09-25T18:02:23.7041770Z   /nix/store/h534q0vsclk9x6sdifwysnv9znv6wxzh-postgresql-16.10-lib
4066:verify-published (macos-latest)	Fetch signed closure from Cachix and upstream caches with all builders disabled	2026-09-25T18:02:23.7042160Z   /nix/store/x8316kdj4hvr90zww4fzrh6iqbp2fwfv-postgresql-17.6
4067:verify-published (macos-latest)	Fetch signed closure from Cachix and upstream caches with all builders disabled	2026-09-25T18:02:23.7043210Z   /nix/store/kdsy2qhdaj0drwv7bjlqrq8iwg7am4pm-postgresql-17.6-dev
4068:verify-published (macos-latest)	Fetch signed closure from Cachix and upstream caches with all builders disabled	2026-09-25T18:02:23.7043800Z   /nix/store/p598qxn9a6czkawqica9aglgpi7qk602-postgresql-17.6-doc
4069:verify-published (macos-latest)	Fetch signed closure from Cachix and upstream caches with all builders disabled	2026-09-25T18:02:23.7044240Z   /nix/store/8jvg8lb3r1r4g7fchvn71kigclgj93ss-postgresql-17.6-lib
4070:verify-published (macos-latest)	Fetch signed closure from Cachix and upstream caches with all builders disabled	2026-09-25T18:02:23.7044600Z   /nix/store/s8fy60163fvin1rypqp49xff5vfq8pc1-postgresql-17.6-man
4071:verify-published (macos-latest)	Fetch signed closure from Cachix and upstream caches with all builders disabled	2026-09-25T18:02:23.7045380Z   /nix/store/2wcj746smndj860lnkr8mgg45q28iaxs-postgresql-binary-lib-postgresql-binary-0.14.2
4072:verify-published (macos-latest)	Fetch signed closure from Cachix and upstream caches with all builders disabled	2026-09-25T18:02:23.7046040Z   /nix/store/z9yhy7ssxrd891llxr62b2w40d5ss3hl-postgresql-binary-lib-postgresql-binary-0.14.2-data
4073:verify-published (macos-latest)	Fetch signed closure from Cachix and upstream caches with all builders disabled	2026-09-25T18:02:23.7046740Z   /nix/store/80fsz6fh23wdq97bjyrlha8s69daprwk-postgresql-libpq-configure-lib-postgresql-libpq-configure-0.11
4074:verify-published (macos-latest)	Fetch signed closure from Cachix and upstream caches with all builders disabled	2026-09-25T18:02:23.7047460Z   /nix/store/yykikym3753ccjq0m5y0alc5s26r1gwa-postgresql-libpq-configure-lib-postgresql-libpq-configure-0.11-data
4075:verify-published (macos-latest)	Fetch signed closure from Cachix and upstream caches with all builders disabled	2026-09-25T18:02:23.7048210Z   /nix/store/8pq5sxildmlrk6lr62iz1ic92fka6m0q-postgresql-libpq-lib-postgresql-libpq-0.11.0.0
4076:verify-published (macos-latest)	Fetch signed closure from Cachix and upstream caches with all builders disabled	2026-09-25T18:02:23.7048900Z   /nix/store/5ralrrmcwm5yb2flwbzw2agwkvi1y874-postgresql-libpq-lib-postgresql-libpq-0.11.0.0-data
4077:verify-published (macos-latest)	Fetch signed closure from Cachix and upstream caches with all builders disabled	2026-09-25T18:02:23.7049660Z   /nix/store/7skd1hrsf3vwclcbssq0zsln714fv1aj-postgresql-syntax-lib-postgresql-syntax-0.4.1.3
4078:verify-published (macos-latest)	Fetch signed closure from Cachix and upstream caches with all builders disabled	2026-09-25T18:02:23.7050270Z   /nix/store/by0gciqz6h649d0bm708pw574x1zqnx1-postgresql-syntax-lib-postgresql-syntax-0.4.1.3-data
4297:verify-published (macos-latest)	Fetch signed closure from Cachix and upstream caches with all builders disabled	2026-09-25T18:02:23.7267010Z copying path '/nix/store/q8qy5wg963qlrpa7kg5dngbjm3qwbvd3-nhcore-lib-nhcore-0.10.1-data' from 'https://neohaskell.cachix.org'...
4298:verify-published (macos-latest)	Fetch signed closure from Cachix and upstream caches with all builders disabled	2026-09-25T18:02:23.7270370Z copying path '/nix/store/y9h99x7n4k9qd81a3m2j1xszdk91ckcs-nhintegrations-lib-nhintegrations-0.10.1-data' from 'https://neohaskell.cachix.org'...
4318:verify-published (macos-latest)	Fetch signed closure from Cachix and upstream caches with all builders disabled	2026-09-25T18:02:24.1235130Z copying path '/nix/store/p598qxn9a6czkawqica9aglgpi7qk602-postgresql-17.6-doc' from 'https://cache.nixos.org'...
4319:verify-published (macos-latest)	Fetch signed closure from Cachix and upstream caches with all builders disabled	2026-09-25T18:02:24.1338060Z copying path '/nix/store/s8fy60163fvin1rypqp49xff5vfq8pc1-postgresql-17.6-man' from 'https://cache.nixos.org'...
4361:verify-published (macos-latest)	Fetch signed closure from Cachix and upstream caches with all builders disabled	2026-09-25T18:02:24.9561210Z copying path '/nix/store/8jvg8lb3r1r4g7fchvn71kigclgj93ss-postgresql-17.6-lib' from 'https://cache.nixos.org'...
4362:verify-published (macos-latest)	Fetch signed closure from Cachix and upstream caches with all builders disabled	2026-09-25T18:02:25.0465840Z copying path '/nix/store/h534q0vsclk9x6sdifwysnv9znv6wxzh-postgresql-16.10-lib' from 'https://cache.nixos.org'...
4611:verify-published (macos-latest)	Fetch signed closure from Cachix and upstream caches with all builders disabled	2026-09-25T18:02:29.1390390Z copying path '/nix/store/z9yhy7ssxrd891llxr62b2w40d5ss3hl-postgresql-binary-lib-postgresql-binary-0.14.2-data' from 'https://neohaskell.cachix.org'...
4612:verify-published (macos-latest)	Fetch signed closure from Cachix and upstream caches with all builders disabled	2026-09-25T18:02:29.1491200Z copying path '/nix/store/5ralrrmcwm5yb2flwbzw2agwkvi1y874-postgresql-libpq-lib-postgresql-libpq-0.11.0.0-data' from 'https://neohaskell.cachix.org'...
4614:verify-published (macos-latest)	Fetch signed closure from Cachix and upstream caches with all builders disabled	2026-09-25T18:02:29.1694580Z copying path '/nix/store/by0gciqz6h649d0bm708pw574x1zqnx1-postgresql-syntax-lib-postgresql-syntax-0.4.1.3-data' from 'https://neohaskell.cachix.org'...
4643:verify-published (macos-latest)	Fetch signed closure from Cachix and upstream caches with all builders disabled	2026-09-25T18:02:29.4387210Z copying path '/nix/store/yykikym3753ccjq0m5y0alc5s26r1gwa-postgresql-libpq-configure-lib-postgresql-libpq-configure-0.11-data' from 'https://neohaskell.cachix.org'...
4670:verify-published (macos-latest)	Fetch signed closure from Cachix and upstream caches with all builders disabled	2026-09-25T18:02:34.6373260Z copying path '/nix/store/wcszfvcb11x8f7z4d3zsnb3zbwxjx2lp-postgresql-16.10' from 'https://cache.nixos.org'...
4671:verify-published (macos-latest)	Fetch signed closure from Cachix and upstream caches with all builders disabled	2026-09-25T18:02:34.6473560Z copying path '/nix/store/x8316kdj4hvr90zww4fzrh6iqbp2fwfv-postgresql-17.6' from 'https://cache.nixos.org'...
4685:verify-published (macos-latest)	Fetch signed closure from Cachix and upstream caches with all builders disabled	2026-09-25T18:02:51.6695250Z copying path '/nix/store/kdsy2qhdaj0drwv7bjlqrq8iwg7am4pm-postgresql-17.6-dev' from 'https://cache.nixos.org'...
4686:verify-published (macos-latest)	Fetch signed closure from Cachix and upstream caches with all builders disabled	2026-09-25T18:02:52.1669810Z copying path '/nix/store/99pd7lyx3mwa414vnlf0rzppqzpazjjm-pg_config.env' from 'https://cache.nixos.org'...
4687:verify-published (macos-latest)	Fetch signed closure from Cachix and upstream caches with all builders disabled	2026-09-25T18:02:52.1722140Z copying path '/nix/store/ha0192b1ax8llz1am0idbda8q3j9fr5q-pg_config' from 'https://cache.nixos.org'...
4688:verify-published (macos-latest)	Fetch signed closure from Cachix and upstream caches with all builders disabled	2026-09-25T18:02:52.1775280Z copying path '/nix/store/80fsz6fh23wdq97bjyrlha8s69daprwk-postgresql-libpq-configure-lib-postgresql-libpq-configure-0.11' from 'https://neohaskell.cachix.org'...
4759:verify-published (macos-latest)	Fetch signed closure from Cachix and upstream caches with all builders disabled	2026-09-25T18:03:02.1082730Z copying path '/nix/store/8pq5sxildmlrk6lr62iz1ic92fka6m0q-postgresql-libpq-lib-postgresql-libpq-0.11.0.0' from 'https://neohaskell.cachix.org'...
4863:verify-published (macos-latest)	Fetch signed closure from Cachix and upstream caches with all builders disabled	2026-09-25T18:03:04.1126110Z copying path '/nix/store/2wcj746smndj860lnkr8mgg45q28iaxs-postgresql-binary-lib-postgresql-binary-0.14.2' from 'https://neohaskell.cachix.org'...
4866:verify-published (macos-latest)	Fetch signed closure from Cachix and upstream caches with all builders disabled	2026-09-25T18:03:04.1830060Z copying path '/nix/store/7skd1hrsf3vwclcbssq0zsln714fv1aj-postgresql-syntax-lib-postgresql-syntax-0.4.1.3' from 'https://neohaskell.cachix.org'...
4909:verify-published (macos-latest)	Fetch signed closure from Cachix and upstream caches with all builders disabled	2026-09-25T18:03:05.3739960Z copying path '/nix/store/sr858h6xn7h8zxj337v8506pbjhzdk5s-nhcore-test-nhcore-test-core-0.10.1' from 'https://neohaskell.cachix.org'...
4911:verify-published (macos-latest)	Fetch signed closure from Cachix and upstream caches with all builders disabled	2026-09-25T18:03:05.3745830Z copying path '/nix/store/dk3nq0bnqj09aqj9ipdfw0dli4cn60cz-nhcore-test-nhcore-test-service-0.10.1' from 'https://neohaskell.cachix.org'...
4912:verify-published (macos-latest)	Fetch signed closure from Cachix and upstream caches with all builders disabled	2026-09-25T18:03:05.3747040Z copying path '/nix/store/c1kiglfvbz3xyyl1q8v6maixy9zsipil-nhtestbed-exe-nhtestbed-0.10.1' from 'https://neohaskell.cachix.org'...
4922:verify-published (macos-latest)	Fetch signed closure from Cachix and upstream caches with all builders disabled	2026-09-25T18:03:06.8939250Z copying path '/nix/store/ja0ifq35aij4qlar85ywmggn95cqmjcd-nhcore-lib-nhcore-0.10.1' from 'https://neohaskell.cachix.org'...
4923:verify-published (macos-latest)	Fetch signed closure from Cachix and upstream caches with all builders disabled	2026-09-25T18:03:08.3986250Z copying path '/nix/store/k5x4srk1aiqi5z607vhl3nw97f1qz8wp-nhintegrations-lib-nhintegrations-0.10.1' from 'https://neohaskell.cachix.org'...
4925:verify-published (macos-latest)	Fetch signed closure from Cachix and upstream caches with all builders disabled	2026-09-25T18:03:08.8363340Z copying path '/nix/store/vj408694m3k1fdlp3as2vjc2jzjkndnw-neohaskell-components.json' from 'https://neohaskell.cachix.org'...
4926:verify-published (macos-latest)	Fetch signed closure from Cachix and upstream caches with all builders disabled	2026-09-25T18:03:08.8707110Z copying path '/nix/store/866avk4nzlyb99vzzavbh36lmgqx1x0z-neohaskell-ci-components' from 'https://neohaskell.cachix.org'...
4928:verify-published (macos-latest)	Fetch signed closure from Cachix and upstream caches with all builders disabled	2026-09-25T18:03:09.0027600Z /nix/store/866avk4nzlyb99vzzavbh36lmgqx1x0z-neohaskell-ci-components
5261:verify-published (macos-latest)	Fetch signed closure from Cachix and upstream caches with all builders disabled	2026-09-25T18:03:09.2345210Z /nix/store/z9yhy7ssxrd891llxr62b2w40d5ss3hl-postgresql-binary-lib-postgresql-binary-0.14.2-data
5262:verify-published (macos-latest)	Fetch signed closure from Cachix and upstream caches with all builders disabled	2026-09-25T18:03:09.2345790Z /nix/store/2wcj746smndj860lnkr8mgg45q28iaxs-postgresql-binary-lib-postgresql-binary-0.14.2
5313:verify-published (macos-latest)	Fetch signed closure from Cachix and upstream caches with all builders disabled	2026-09-25T18:03:09.2367610Z /nix/store/h534q0vsclk9x6sdifwysnv9znv6wxzh-postgresql-16.10-lib
5319:verify-published (macos-latest)	Fetch signed closure from Cachix and upstream caches with all builders disabled	2026-09-25T18:03:09.2369980Z /nix/store/wcszfvcb11x8f7z4d3zsnb3zbwxjx2lp-postgresql-16.10
5359:verify-published (macos-latest)	Fetch signed closure from Cachix and upstream caches with all builders disabled	2026-09-25T18:03:09.2402950Z /nix/store/5ralrrmcwm5yb2flwbzw2agwkvi1y874-postgresql-libpq-lib-postgresql-libpq-0.11.0.0-data
5387:verify-published (macos-latest)	Fetch signed closure from Cachix and upstream caches with all builders disabled	2026-09-25T18:03:09.2424100Z /nix/store/8jvg8lb3r1r4g7fchvn71kigclgj93ss-postgresql-17.6-lib
5398:verify-published (macos-latest)	Fetch signed closure from Cachix and upstream caches with all builders disabled	2026-09-25T18:03:09.2428330Z /nix/store/p598qxn9a6czkawqica9aglgpi7qk602-postgresql-17.6-doc
5399:verify-published (macos-latest)	Fetch signed closure from Cachix and upstream caches with all builders disabled	2026-09-25T18:03:09.2428790Z /nix/store/s8fy60163fvin1rypqp49xff5vfq8pc1-postgresql-17.6-man
5403:verify-published (macos-latest)	Fetch signed closure from Cachix and upstream caches with all builders disabled	2026-09-25T18:03:09.2430320Z /nix/store/x8316kdj4hvr90zww4fzrh6iqbp2fwfv-postgresql-17.6
5404:verify-published (macos-latest)	Fetch signed closure from Cachix and upstream caches with all builders disabled	2026-09-25T18:03:09.2430750Z /nix/store/kdsy2qhdaj0drwv7bjlqrq8iwg7am4pm-postgresql-17.6-dev
5405:verify-published (macos-latest)	Fetch signed closure from Cachix and upstream caches with all builders disabled	2026-09-25T18:03:09.2431170Z /nix/store/99pd7lyx3mwa414vnlf0rzppqzpazjjm-pg_config.env
5406:verify-published (macos-latest)	Fetch signed closure from Cachix and upstream caches with all builders disabled	2026-09-25T18:03:09.2431540Z /nix/store/ha0192b1ax8llz1am0idbda8q3j9fr5q-pg_config
5407:verify-published (macos-latest)	Fetch signed closure from Cachix and upstream caches with all builders disabled	2026-09-25T18:03:09.2432210Z /nix/store/yykikym3753ccjq0m5y0alc5s26r1gwa-postgresql-libpq-configure-lib-postgresql-libpq-configure-0.11-data
5408:verify-published (macos-latest)	Fetch signed closure from Cachix and upstream caches with all builders disabled	2026-09-25T18:03:09.2432990Z /nix/store/80fsz6fh23wdq97bjyrlha8s69daprwk-postgresql-libpq-configure-lib-postgresql-libpq-configure-0.11
5409:verify-published (macos-latest)	Fetch signed closure from Cachix and upstream caches with all builders disabled	2026-09-25T18:03:09.2433960Z /nix/store/8pq5sxildmlrk6lr62iz1ic92fka6m0q-postgresql-libpq-lib-postgresql-libpq-0.11.0.0
5449:verify-published (macos-latest)	Fetch signed closure from Cachix and upstream caches with all builders disabled	2026-09-25T18:03:09.2461240Z /nix/store/by0gciqz6h649d0bm708pw574x1zqnx1-postgresql-syntax-lib-postgresql-syntax-0.4.1.3-data
5450:verify-published (macos-latest)	Fetch signed closure from Cachix and upstream caches with all builders disabled	2026-09-25T18:03:09.2461940Z /nix/store/7skd1hrsf3vwclcbssq0zsln714fv1aj-postgresql-syntax-lib-postgresql-syntax-0.4.1.3
5548:verify-published (macos-latest)	Fetch signed closure from Cachix and upstream caches with all builders disabled	2026-09-25T18:03:09.2524890Z /nix/store/q8qy5wg963qlrpa7kg5dngbjm3qwbvd3-nhcore-lib-nhcore-0.10.1-data
5564:verify-published (macos-latest)	Fetch signed closure from Cachix and upstream caches with all builders disabled	2026-09-25T18:03:09.2545900Z /nix/store/ja0ifq35aij4qlar85ywmggn95cqmjcd-nhcore-lib-nhcore-0.10.1
5565:verify-published (macos-latest)	Fetch signed closure from Cachix and upstream caches with all builders disabled	2026-09-25T18:03:09.2546600Z /nix/store/y9h99x7n4k9qd81a3m2j1xszdk91ckcs-nhintegrations-lib-nhintegrations-0.10.1-data
5566:verify-published (macos-latest)	Fetch signed closure from Cachix and upstream caches with all builders disabled	2026-09-25T18:03:09.2547200Z /nix/store/k5x4srk1aiqi5z607vhl3nw97f1qz8wp-nhintegrations-lib-nhintegrations-0.10.1
5568:verify-published (macos-latest)	Fetch signed closure from Cachix and upstream caches with all builders disabled	2026-09-25T18:03:09.2548690Z /nix/store/c1kiglfvbz3xyyl1q8v6maixy9zsipil-nhtestbed-exe-nhtestbed-0.10.1
5569:verify-published (macos-latest)	Fetch signed closure from Cachix and upstream caches with all builders disabled	2026-09-25T18:03:09.2549330Z /nix/store/dk3nq0bnqj09aqj9ipdfw0dli4cn60cz-nhcore-test-nhcore-test-service-0.10.1
5571:verify-published (macos-latest)	Fetch signed closure from Cachix and upstream caches with all builders disabled	2026-09-25T18:03:09.2550660Z /nix/store/sr858h6xn7h8zxj337v8506pbjhzdk5s-nhcore-test-nhcore-test-core-0.10.1
5573:verify-published (macos-latest)	Fetch signed closure from Cachix and upstream caches with all builders disabled	2026-09-25T18:03:09.2552010Z /nix/store/vj408694m3k1fdlp3as2vjc2jzjkndnw-neohaskell-components.json
5574:verify-published (macos-latest)	Fetch signed closure from Cachix and upstream caches with all builders disabled	2026-09-25T18:03:09.2552490Z /nix/store/866avk4nzlyb99vzzavbh36lmgqx1x0z-neohaskell-ci-components
7744:verify-published (ubuntu-latest)	Fetch signed closure from Cachix and upstream caches with all builders disabled	2026-09-25T18:01:09.7740956Z   /nix/store/k9haj4aw65cv5h3r9phrh9dn8l30ymn4-neohaskell-ci-components
7746:verify-published (ubuntu-latest)	Fetch signed closure from Cachix and upstream caches with all builders disabled	2026-09-25T18:01:09.7742158Z   /nix/store/nyg979pvsnf7wl2mspm5224jhxvv7r8a-neohaskell-components.json
7758:verify-published (ubuntu-latest)	Fetch signed closure from Cachix and upstream caches with all builders disabled	2026-09-25T18:01:09.7751969Z   /nix/store/dmpmj6qq3gxh1iz5d6nzc0314lhjxjdr-nhcore-lib-nhcore-0.10.1
7759:verify-published (ubuntu-latest)	Fetch signed closure from Cachix and upstream caches with all builders disabled	2026-09-25T18:01:09.7752978Z   /nix/store/irmp8px32gqp372n0i6z10p590dczgy0-nhcore-lib-nhcore-0.10.1-data
7761:verify-published (ubuntu-latest)	Fetch signed closure from Cachix and upstream caches with all builders disabled	2026-09-25T18:01:09.7754451Z   /nix/store/7r8hj1j0h4j2rpdnd8nadgza41njp3d9-nhcore-test-nhcore-test-core-0.10.1
7763:verify-published (ubuntu-latest)	Fetch signed closure from Cachix and upstream caches with all builders disabled	2026-09-25T18:01:09.7756347Z   /nix/store/8rq72r3wvcn6j9bnyqm61j0ixwdxw1ba-nhcore-test-nhcore-test-service-0.10.1
7764:verify-published (ubuntu-latest)	Fetch signed closure from Cachix and upstream caches with all builders disabled	2026-09-25T18:01:09.7757543Z   /nix/store/cvzp34yvm29vz0b38z1z6b3js4l2lnmj-nhintegrations-lib-nhintegrations-0.10.1
7765:verify-published (ubuntu-latest)	Fetch signed closure from Cachix and upstream caches with all builders disabled	2026-09-25T18:01:09.7759019Z   /nix/store/vm4859a2swi1krml3r4ik1vc7dz2x6mv-nhintegrations-lib-nhintegrations-0.10.1-data
7767:verify-published (ubuntu-latest)	Fetch signed closure from Cachix and upstream caches with all builders disabled	2026-09-25T18:01:09.7761419Z   /nix/store/9dp1jpd0hgwrqc8xsjg3ybw8zf2w2pzm-nhtestbed-exe-nhtestbed-0.10.1
7811:verify-published (ubuntu-latest)	Fetch signed closure from Cachix and upstream caches with all builders disabled	2026-09-25T18:01:09.7809729Z   /nix/store/4043yq19p13aabhi8a370cdrh44r2mf9-pg_config
7812:verify-published (ubuntu-latest)	Fetch signed closure from Cachix and upstream caches with all builders disabled	2026-09-25T18:01:09.7810131Z   /nix/store/831a0nbgsrhm8dlvx1rkkn1l66mv6fmr-pg_config.env
7816:verify-published (ubuntu-latest)	Fetch signed closure from Cachix and upstream caches with all builders disabled	2026-09-25T18:01:09.7812290Z   /nix/store/praagdq14gwpr6sr3y2sgp25ld8bxijr-postgresql-16.10
7817:verify-published (ubuntu-latest)	Fetch signed closure from Cachix and upstream caches with all builders disabled	2026-09-25T18:01:09.7813039Z   /nix/store/90l1lc13sncrv5m67qv3gi1sxcxapdmw-postgresql-16.10-lib
7818:verify-published (ubuntu-latest)	Fetch signed closure from Cachix and upstream caches with all builders disabled	2026-09-25T18:01:09.7813681Z   /nix/store/jq2kbdw6ljv9i47jz23pm072cfyxwpfj-postgresql-17.6
7819:verify-published (ubuntu-latest)	Fetch signed closure from Cachix and upstream caches with all builders disabled	2026-09-25T18:01:09.7814150Z   /nix/store/l8m7mbvqxdi9bd5apl8s49kjpnzrcv6c-postgresql-17.6-dev
7820:verify-published (ubuntu-latest)	Fetch signed closure from Cachix and upstream caches with all builders disabled	2026-09-25T18:01:09.7814893Z   /nix/store/dg0cwp756r82crxmdv8vzq7d7kjzi4qi-postgresql-17.6-doc
7821:verify-published (ubuntu-latest)	Fetch signed closure from Cachix and upstream caches with all builders disabled	2026-09-25T18:01:09.7815352Z   /nix/store/msjxcqa4x2f52dyq10rbrbw6k0m0hi90-postgresql-17.6-lib
7822:verify-published (ubuntu-latest)	Fetch signed closure from Cachix and upstream caches with all builders disabled	2026-09-25T18:01:09.7815799Z   /nix/store/z2s4zb4kxh80v7npbin8pv27vjf5fc4k-postgresql-17.6-man
7823:verify-published (ubuntu-latest)	Fetch signed closure from Cachix and upstream caches with all builders disabled	2026-09-25T18:01:09.7816385Z   /nix/store/6h7zm26klf02kbpg8fb6zfqay44faczd-postgresql-binary-lib-postgresql-binary-0.14.2
7824:verify-published (ubuntu-latest)	Fetch signed closure from Cachix and upstream caches with all builders disabled	2026-09-25T18:01:09.7817363Z   /nix/store/cp19phwyxbvnf6ixkkaf445h6irp42mn-postgresql-binary-lib-postgresql-binary-0.14.2-data
7825:verify-published (ubuntu-latest)	Fetch signed closure from Cachix and upstream caches with all builders disabled	2026-09-25T18:01:09.7818483Z   /nix/store/r4myzwj93dx9qn1szgvrxwb1rh0bgsj6-postgresql-libpq-configure-lib-postgresql-libpq-configure-0.11
7826:verify-published (ubuntu-latest)	Fetch signed closure from Cachix and upstream caches with all builders disabled	2026-09-25T18:01:09.7819688Z   /nix/store/a5926f98mc42y1qpl0qky0zvfq8jymmk-postgresql-libpq-configure-lib-postgresql-libpq-configure-0.11-data
7827:verify-published (ubuntu-latest)	Fetch signed closure from Cachix and upstream caches with all builders disabled	2026-09-25T18:01:09.7820738Z   /nix/store/73mgr9xrgm2jgldmd7ycpw4d3r03qm20-postgresql-libpq-lib-postgresql-libpq-0.11.0.0
7828:verify-published (ubuntu-latest)	Fetch signed closure from Cachix and upstream caches with all builders disabled	2026-09-25T18:01:09.7821541Z   /nix/store/fjd2fbiyir8crx4iglwawi3nhc1lh8yn-postgresql-libpq-lib-postgresql-libpq-0.11.0.0-data
7829:verify-published (ubuntu-latest)	Fetch signed closure from Cachix and upstream caches with all builders disabled	2026-09-25T18:01:09.7822522Z   /nix/store/10khy8r092d7xiwaj2n9gqpq4s2fvpc9-postgresql-syntax-lib-postgresql-syntax-0.4.1.3
7830:verify-published (ubuntu-latest)	Fetch signed closure from Cachix and upstream caches with all builders disabled	2026-09-25T18:01:09.7823500Z   /nix/store/f1l2z4q9k3whgnkqg1c1b5zgdkbxh5ih-postgresql-syntax-lib-postgresql-syntax-0.4.1.3-data
8042:verify-published (ubuntu-latest)	Fetch signed closure from Cachix and upstream caches with all builders disabled	2026-09-25T18:01:09.8201441Z copying path '/nix/store/irmp8px32gqp372n0i6z10p590dczgy0-nhcore-lib-nhcore-0.10.1-data' from 'https://neohaskell.cachix.org'...
8043:verify-published (ubuntu-latest)	Fetch signed closure from Cachix and upstream caches with all builders disabled	2026-09-25T18:01:09.8203473Z copying path '/nix/store/vm4859a2swi1krml3r4ik1vc7dz2x6mv-nhintegrations-lib-nhintegrations-0.10.1-data' from 'https://neohaskell.cachix.org'...
8046:verify-published (ubuntu-latest)	Fetch signed closure from Cachix and upstream caches with all builders disabled	2026-09-25T18:01:09.8223388Z copying path '/nix/store/z2s4zb4kxh80v7npbin8pv27vjf5fc4k-postgresql-17.6-man' from 'https://cache.nixos.org'...
8047:verify-published (ubuntu-latest)	Fetch signed closure from Cachix and upstream caches with all builders disabled	2026-09-25T18:01:09.8228171Z copying path '/nix/store/dg0cwp756r82crxmdv8vzq7d7kjzi4qi-postgresql-17.6-doc' from 'https://cache.nixos.org'...
8269:verify-published (ubuntu-latest)	Fetch signed closure from Cachix and upstream caches with all builders disabled	2026-09-25T18:01:11.9365188Z copying path '/nix/store/cp19phwyxbvnf6ixkkaf445h6irp42mn-postgresql-binary-lib-postgresql-binary-0.14.2-data' from 'https://neohaskell.cachix.org'...
8270:verify-published (ubuntu-latest)	Fetch signed closure from Cachix and upstream caches with all builders disabled	2026-09-25T18:01:11.9374560Z copying path '/nix/store/fjd2fbiyir8crx4iglwawi3nhc1lh8yn-postgresql-libpq-lib-postgresql-libpq-0.11.0.0-data' from 'https://neohaskell.cachix.org'...
8271:verify-published (ubuntu-latest)	Fetch signed closure from Cachix and upstream caches with all builders disabled	2026-09-25T18:01:11.9434434Z copying path '/nix/store/f1l2z4q9k3whgnkqg1c1b5zgdkbxh5ih-postgresql-syntax-lib-postgresql-syntax-0.4.1.3-data' from 'https://neohaskell.cachix.org'...
8304:verify-published (ubuntu-latest)	Fetch signed closure from Cachix and upstream caches with all builders disabled	2026-09-25T18:01:12.0619674Z copying path '/nix/store/a5926f98mc42y1qpl0qky0zvfq8jymmk-postgresql-libpq-configure-lib-postgresql-libpq-configure-0.11-data' from 'https://neohaskell.cachix.org'...
8389:verify-published (ubuntu-latest)	Fetch signed closure from Cachix and upstream caches with all builders disabled	2026-09-25T18:01:13.2711415Z copying path '/nix/store/msjxcqa4x2f52dyq10rbrbw6k0m0hi90-postgresql-17.6-lib' from 'https://cache.nixos.org'...
8392:verify-published (ubuntu-latest)	Fetch signed closure from Cachix and upstream caches with all builders disabled	2026-09-25T18:01:13.3763575Z copying path '/nix/store/90l1lc13sncrv5m67qv3gi1sxcxapdmw-postgresql-16.10-lib' from 'https://cache.nixos.org'...
8394:verify-published (ubuntu-latest)	Fetch signed closure from Cachix and upstream caches with all builders disabled	2026-09-25T18:01:13.4597350Z copying path '/nix/store/8rq72r3wvcn6j9bnyqm61j0ixwdxw1ba-nhcore-test-nhcore-test-service-0.10.1' from 'https://neohaskell.cachix.org'...
8396:verify-published (ubuntu-latest)	Fetch signed closure from Cachix and upstream caches with all builders disabled	2026-09-25T18:01:13.5085249Z copying path '/nix/store/7r8hj1j0h4j2rpdnd8nadgza41njp3d9-nhcore-test-nhcore-test-core-0.10.1' from 'https://neohaskell.cachix.org'...
8397:verify-published (ubuntu-latest)	Fetch signed closure from Cachix and upstream caches with all builders disabled	2026-09-25T18:01:13.5091994Z copying path '/nix/store/9dp1jpd0hgwrqc8xsjg3ybw8zf2w2pzm-nhtestbed-exe-nhtestbed-0.10.1' from 'https://neohaskell.cachix.org'...
8420:verify-published (ubuntu-latest)	Fetch signed closure from Cachix and upstream caches with all builders disabled	2026-09-25T18:01:14.9981570Z copying path '/nix/store/praagdq14gwpr6sr3y2sgp25ld8bxijr-postgresql-16.10' from 'https://cache.nixos.org'...
8421:verify-published (ubuntu-latest)	Fetch signed closure from Cachix and upstream caches with all builders disabled	2026-09-25T18:01:15.0841286Z copying path '/nix/store/jq2kbdw6ljv9i47jz23pm072cfyxwpfj-postgresql-17.6' from 'https://cache.nixos.org'...
8647:verify-published (ubuntu-latest)	Fetch signed closure from Cachix and upstream caches with all builders disabled	2026-09-25T18:01:33.2178507Z copying path '/nix/store/10khy8r092d7xiwaj2n9gqpq4s2fvpc9-postgresql-syntax-lib-postgresql-syntax-0.4.1.3' from 'https://neohaskell.cachix.org'...
8664:verify-published (ubuntu-latest)	Fetch signed closure from Cachix and upstream caches with all builders disabled	2026-09-25T18:01:33.7979901Z copying path '/nix/store/6h7zm26klf02kbpg8fb6zfqay44faczd-postgresql-binary-lib-postgresql-binary-0.14.2' from 'https://neohaskell.cachix.org'...
8672:verify-published (ubuntu-latest)	Fetch signed closure from Cachix and upstream caches with all builders disabled	2026-09-25T18:01:34.0212445Z copying path '/nix/store/l8m7mbvqxdi9bd5apl8s49kjpnzrcv6c-postgresql-17.6-dev' from 'https://cache.nixos.org'...
8681:verify-published (ubuntu-latest)	Fetch signed closure from Cachix and upstream caches with all builders disabled	2026-09-25T18:01:34.3292646Z copying path '/nix/store/831a0nbgsrhm8dlvx1rkkn1l66mv6fmr-pg_config.env' from 'https://cache.nixos.org'...
8682:verify-published (ubuntu-latest)	Fetch signed closure from Cachix and upstream caches with all builders disabled	2026-09-25T18:01:34.3361224Z copying path '/nix/store/4043yq19p13aabhi8a370cdrh44r2mf9-pg_config' from 'https://cache.nixos.org'...
8683:verify-published (ubuntu-latest)	Fetch signed closure from Cachix and upstream caches with all builders disabled	2026-09-25T18:01:34.3425447Z copying path '/nix/store/r4myzwj93dx9qn1szgvrxwb1rh0bgsj6-postgresql-libpq-configure-lib-postgresql-libpq-configure-0.11' from 'https://neohaskell.cachix.org'...
8685:verify-published (ubuntu-latest)	Fetch signed closure from Cachix and upstream caches with all builders disabled	2026-09-25T18:01:34.3899888Z copying path '/nix/store/73mgr9xrgm2jgldmd7ycpw4d3r03qm20-postgresql-libpq-lib-postgresql-libpq-0.11.0.0' from 'https://neohaskell.cachix.org'...
8694:verify-published (ubuntu-latest)	Fetch signed closure from Cachix and upstream caches with all builders disabled	2026-09-25T18:01:34.7233304Z copying path '/nix/store/dmpmj6qq3gxh1iz5d6nzc0314lhjxjdr-nhcore-lib-nhcore-0.10.1' from 'https://neohaskell.cachix.org'...
8695:verify-published (ubuntu-latest)	Fetch signed closure from Cachix and upstream caches with all builders disabled	2026-09-25T18:01:35.2673160Z copying path '/nix/store/cvzp34yvm29vz0b38z1z6b3js4l2lnmj-nhintegrations-lib-nhintegrations-0.10.1' from 'https://neohaskell.cachix.org'...
8697:verify-published (ubuntu-latest)	Fetch signed closure from Cachix and upstream caches with all builders disabled	2026-09-25T18:01:36.0857866Z copying path '/nix/store/nyg979pvsnf7wl2mspm5224jhxvv7r8a-neohaskell-components.json' from 'https://neohaskell.cachix.org'...
8698:verify-published (ubuntu-latest)	Fetch signed closure from Cachix and upstream caches with all builders disabled	2026-09-25T18:01:36.3961976Z copying path '/nix/store/k9haj4aw65cv5h3r9phrh9dn8l30ymn4-neohaskell-ci-components' from 'https://neohaskell.cachix.org'...
8700:verify-published (ubuntu-latest)	Fetch signed closure from Cachix and upstream caches with all builders disabled	2026-09-25T18:01:36.6412290Z /nix/store/k9haj4aw65cv5h3r9phrh9dn8l30ymn4-neohaskell-ci-components
8967:verify-published (ubuntu-latest)	Fetch signed closure from Cachix and upstream caches with all builders disabled	2026-09-25T18:01:36.7917612Z /nix/store/f1l2z4q9k3whgnkqg1c1b5zgdkbxh5ih-postgresql-syntax-lib-postgresql-syntax-0.4.1.3-data
8972:verify-published (ubuntu-latest)	Fetch signed closure from Cachix and upstream caches with all builders disabled	2026-09-25T18:01:36.7923820Z /nix/store/10khy8r092d7xiwaj2n9gqpq4s2fvpc9-postgresql-syntax-lib-postgresql-syntax-0.4.1.3
9106:verify-published (ubuntu-latest)	Fetch signed closure from Cachix and upstream caches with all builders disabled	2026-09-25T18:01:36.8064503Z /nix/store/dg0cwp756r82crxmdv8vzq7d7kjzi4qi-postgresql-17.6-doc
9115:verify-published (ubuntu-latest)	Fetch signed closure from Cachix and upstream caches with all builders disabled	2026-09-25T18:01:36.8072289Z /nix/store/msjxcqa4x2f52dyq10rbrbw6k0m0hi90-postgresql-17.6-lib
9116:verify-published (ubuntu-latest)	Fetch signed closure from Cachix and upstream caches with all builders disabled	2026-09-25T18:01:36.8073016Z /nix/store/jq2kbdw6ljv9i47jz23pm072cfyxwpfj-postgresql-17.6
9140:verify-published (ubuntu-latest)	Fetch signed closure from Cachix and upstream caches with all builders disabled	2026-09-25T18:01:36.8091011Z /nix/store/z2s4zb4kxh80v7npbin8pv27vjf5fc4k-postgresql-17.6-man
9142:verify-published (ubuntu-latest)	Fetch signed closure from Cachix and upstream caches with all builders disabled	2026-09-25T18:01:36.8092410Z /nix/store/l8m7mbvqxdi9bd5apl8s49kjpnzrcv6c-postgresql-17.6-dev
9143:verify-published (ubuntu-latest)	Fetch signed closure from Cachix and upstream caches with all builders disabled	2026-09-25T18:01:36.8093119Z /nix/store/831a0nbgsrhm8dlvx1rkkn1l66mv6fmr-pg_config.env
9144:verify-published (ubuntu-latest)	Fetch signed closure from Cachix and upstream caches with all builders disabled	2026-09-25T18:01:36.8093741Z /nix/store/4043yq19p13aabhi8a370cdrh44r2mf9-pg_config
9170:verify-published (ubuntu-latest)	Fetch signed closure from Cachix and upstream caches with all builders disabled	2026-09-25T18:01:36.8122175Z /nix/store/cp19phwyxbvnf6ixkkaf445h6irp42mn-postgresql-binary-lib-postgresql-binary-0.14.2-data
9179:verify-published (ubuntu-latest)	Fetch signed closure from Cachix and upstream caches with all builders disabled	2026-09-25T18:01:36.8132137Z /nix/store/6h7zm26klf02kbpg8fb6zfqay44faczd-postgresql-binary-lib-postgresql-binary-0.14.2
9195:verify-published (ubuntu-latest)	Fetch signed closure from Cachix and upstream caches with all builders disabled	2026-09-25T18:01:36.8147627Z /nix/store/fjd2fbiyir8crx4iglwawi3nhc1lh8yn-postgresql-libpq-lib-postgresql-libpq-0.11.0.0-data
9196:verify-published (ubuntu-latest)	Fetch signed closure from Cachix and upstream caches with all builders disabled	2026-09-25T18:01:36.8149270Z /nix/store/a5926f98mc42y1qpl0qky0zvfq8jymmk-postgresql-libpq-configure-lib-postgresql-libpq-configure-0.11-data
9197:verify-published (ubuntu-latest)	Fetch signed closure from Cachix and upstream caches with all builders disabled	2026-09-25T18:01:36.8150828Z /nix/store/r4myzwj93dx9qn1szgvrxwb1rh0bgsj6-postgresql-libpq-configure-lib-postgresql-libpq-configure-0.11
9198:verify-published (ubuntu-latest)	Fetch signed closure from Cachix and upstream caches with all builders disabled	2026-09-25T18:01:36.8152200Z /nix/store/73mgr9xrgm2jgldmd7ycpw4d3r03qm20-postgresql-libpq-lib-postgresql-libpq-0.11.0.0
9213:verify-published (ubuntu-latest)	Fetch signed closure from Cachix and upstream caches with all builders disabled	2026-09-25T18:01:36.8166990Z /nix/store/7r8hj1j0h4j2rpdnd8nadgza41njp3d9-nhcore-test-nhcore-test-core-0.10.1
9251:verify-published (ubuntu-latest)	Fetch signed closure from Cachix and upstream caches with all builders disabled	2026-09-25T18:01:36.8191708Z /nix/store/8rq72r3wvcn6j9bnyqm61j0ixwdxw1ba-nhcore-test-nhcore-test-service-0.10.1
9252:verify-published (ubuntu-latest)	Fetch signed closure from Cachix and upstream caches with all builders disabled	2026-09-25T18:01:36.8192261Z /nix/store/90l1lc13sncrv5m67qv3gi1sxcxapdmw-postgresql-16.10-lib
9257:verify-published (ubuntu-latest)	Fetch signed closure from Cachix and upstream caches with all builders disabled	2026-09-25T18:01:36.8195461Z /nix/store/9dp1jpd0hgwrqc8xsjg3ybw8zf2w2pzm-nhtestbed-exe-nhtestbed-0.10.1
9292:verify-published (ubuntu-latest)	Fetch signed closure from Cachix and upstream caches with all builders disabled	2026-09-25T18:01:36.8213946Z /nix/store/praagdq14gwpr6sr3y2sgp25ld8bxijr-postgresql-16.10
9324:verify-published (ubuntu-latest)	Fetch signed closure from Cachix and upstream caches with all builders disabled	2026-09-25T18:01:36.8234135Z /nix/store/irmp8px32gqp372n0i6z10p590dczgy0-nhcore-lib-nhcore-0.10.1-data
9351:verify-published (ubuntu-latest)	Fetch signed closure from Cachix and upstream caches with all builders disabled	2026-09-25T18:01:36.8252250Z /nix/store/dmpmj6qq3gxh1iz5d6nzc0314lhjxjdr-nhcore-lib-nhcore-0.10.1
9352:verify-published (ubuntu-latest)	Fetch signed closure from Cachix and upstream caches with all builders disabled	2026-09-25T18:01:36.8252838Z /nix/store/vm4859a2swi1krml3r4ik1vc7dz2x6mv-nhintegrations-lib-nhintegrations-0.10.1-data
9353:verify-published (ubuntu-latest)	Fetch signed closure from Cachix and upstream caches with all builders disabled	2026-09-25T18:01:36.8253513Z /nix/store/cvzp34yvm29vz0b38z1z6b3js4l2lnmj-nhintegrations-lib-nhintegrations-0.10.1
9358:verify-published (ubuntu-latest)	Fetch signed closure from Cachix and upstream caches with all builders disabled	2026-09-25T18:01:36.8256541Z /nix/store/nyg979pvsnf7wl2mspm5224jhxvv7r8a-neohaskell-components.json
9359:verify-published (ubuntu-latest)	Fetch signed closure from Cachix and upstream caches with all builders disabled	2026-09-25T18:01:36.8257050Z /nix/store/k9haj4aw65cv5h3r9phrh9dn8l30ymn4-neohaskell-ci-components
